// Jest Snapshot v1, https://goo.gl/fbAQLP

exports[`1. date and times publication with non-london timezone 1`] = `"Sunday January 01 2017, 02:32pm GMT, The Times"`;

exports[`1. date and times publication with non-london timezone 2`] = `"Saturday July 01 2017, 03:32pm BST, The Times"`;
